2026-09-14 23:45:58  launched msedge.exe (pid 20512) for a sweep
2026-09-14 23:46:20  sweep saved: 0 trades logged (0 open, 0 closed)
2026-09-14 23:46:33  Installed scheduled task 'Signal Terminal logger': every hour at :05 while you are logged in (first run 00:05)
2026-09-15 18:05:07  server not running; starting it hidden
2026-09-15 19:05:07  server not running; starting it hidden
2026-09-15 19:05:08  launched msedge.exe (pid 13700) for a sweep
2026-09-15 19:05:30  sweep saved: 4 trades logged (1 open, 3 closed)
2026-09-15 20:05:03  launched msedge.exe (pid 5548) for a sweep
2026-09-15 20:05:24  sweep saved: 9 trades logged (6 open, 3 closed)
2026-09-16 20:58:40  launched msedge.exe (pid 2204) for a sweep
2026-09-16 20:59:04  sweep saved: 17 trades logged (14 open, 3 closed)
2026-09-16 21:05:03  launched msedge.exe (pid 8840) for a sweep
2026-09-16 21:05:24  sweep saved: 18 trades logged (15 open, 3 closed)
2026-09-16 22:05:04  launched msedge.exe (pid 3012) for a sweep
2026-09-16 22:05:28  sweep saved: 18 trades logged (15 open, 3 closed)
2026-09-16 23:05:03  launched msedge.exe (pid 8432) for a sweep
2026-09-16 23:05:28  sweep saved: 18 trades logged (15 open, 3 closed)
2026-09-17 00:05:03  launched msedge.exe (pid 22408) for a sweep
2026-09-17 00:05:25  sweep saved: 18 trades logged (15 open, 3 closed)
2026-09-17 04:52:33  launched msedge.exe (pid 20228) for a sweep
2026-09-17 04:52:55  sweep saved: 19 trades logged (16 open, 3 closed)
2026-09-17 05:05:03  launched msedge.exe (pid 19768) for a sweep
2026-09-17 05:05:24  sweep saved: 19 trades logged (16 open, 3 closed)
2026-09-17 06:05:03  launched msedge.exe (pid 23724) for a sweep
2026-09-17 06:05:27  sweep saved: 19 trades logged (16 open, 3 closed)
2026-09-17 07:05:03  launched msedge.exe (pid 25772) for a sweep
2026-09-17 07:05:27  sweep saved: 19 trades logged (16 open, 3 closed)
2026-09-17 08:05:03  launched msedge.exe (pid 4148) for a sweep
2026-09-17 08:05:27  sweep saved: 19 trades logged (16 open, 3 closed)
2026-09-17 09:05:03  launched msedge.exe (pid 9212) for a sweep
2026-09-17 09:05:27  sweep saved: 19 trades logged (16 open, 3 closed)
2026-09-17 10:05:03  launched msedge.exe (pid 17196) for a sweep
2026-09-17 10:05:27  sweep saved: 19 trades logged (16 open, 3 closed)
2026-09-17 11:05:03  launched msedge.exe (pid 12048) for a sweep
2026-09-17 11:05:24  sweep saved: 19 trades logged (16 open, 3 closed)
2026-09-17 12:05:03  launched msedge.exe (pid 22512) for a sweep
2026-09-17 12:05:24  sweep saved: 23 trades logged (20 open, 3 closed)
2026-09-17 13:05:03  launched msedge.exe (pid 19152) for a sweep
2026-09-17 13:05:27  sweep saved: 23 trades logged (20 open, 3 closed)
2026-09-17 14:05:03  launched msedge.exe (pid 23300) for a sweep
2026-09-17 14:05:24  sweep saved: 23 trades logged (20 open, 3 closed)
2026-09-17 15:05:03  launched msedge.exe (pid 10092) for a sweep
2026-09-17 15:05:24  sweep saved: 23 trades logged (20 open, 3 closed)
2026-09-17 16:05:03  launched msedge.exe (pid 3852) for a sweep
2026-09-17 16:05:24  sweep saved: 23 trades logged (20 open, 3 closed)
2026-09-17 17:05:03  launched msedge.exe (pid 16824) for a sweep
2026-09-17 17:05:24  sweep saved: 23 trades logged (20 open, 3 closed)
2026-09-17 18:05:03  launched msedge.exe (pid 15100) for a sweep
2026-09-17 18:05:24  sweep saved: 23 trades logged (20 open, 3 closed)
2026-09-17 19:05:02  launched msedge.exe (pid 2580) for a sweep
2026-09-17 19:05:24  sweep saved: 24 trades logged (21 open, 3 closed)
2026-09-17 20:05:03  launched msedge.exe (pid 21396) for a sweep
2026-09-17 20:05:27  sweep saved: 24 trades logged (21 open, 3 closed)
2026-09-17 21:05:08  server not running; starting it hidden
2026-09-17 21:05:09  launched msedge.exe (pid 12724) for a sweep
2026-09-17 21:05:33  sweep saved: 24 trades logged (21 open, 3 closed)
2026-09-19 15:05:11  launched msedge.exe (pid 16488) for a sweep
2026-09-19 15:05:36  sweep saved: 37 trades logged (31 open, 6 closed)
2026-09-19 16:05:04  launched msedge.exe (pid 21952) for a sweep
2026-09-19 16:05:28  sweep saved: 37 trades logged (31 open, 6 closed)
2026-09-19 17:05:13  server not running; starting it hidden
2026-09-19 17:05:18  launched msedge.exe (pid 17268) for a sweep
2026-09-19 17:05:47  sweep saved: 37 trades logged (31 open, 6 closed)
2026-09-20 00:54:04  launched msedge.exe (pid 19220) for a sweep
2026-09-20 00:54:32  sweep saved: 38 trades logged (28 open, 10 closed)
2026-09-20 01:05:04  launched msedge.exe (pid 2992) for a sweep
2026-09-20 01:05:32  sweep saved: 38 trades logged (27 open, 11 closed)
2026-09-20 11:23:45  server not running; starting it hidden
2026-09-20 11:23:46  launched msedge.exe (pid 17132) for a sweep
2026-09-20 11:24:47  sweep saved: 39 trades logged (26 open, 13 closed)
2026-09-20 12:05:05  launched msedge.exe (pid 7908) for a sweep
2026-09-20 12:05:33  sweep saved: 42 trades logged (27 open, 15 closed)
2026-09-20 13:05:07  launched msedge.exe (pid 19296) for a sweep
2026-09-20 13:05:32  sweep saved: 49 trades logged (34 open, 15 closed)
2026-09-20 14:05:05  launched msedge.exe (pid 35204) for a sweep
2026-09-20 14:05:34  sweep saved: 49 trades logged (34 open, 15 closed)
2026-09-21 17:05:04  launched msedge.exe (pid 14896) for a sweep
2026-09-21 17:05:32  sweep saved: 59 trades logged (34 open, 25 closed)
2026-09-21 17:27:54  launched msedge.exe (pid 46692) for a sweep
2026-09-21 17:28:19  sweep saved: 59 trades logged (34 open, 25 closed)
2026-09-21 18:05:03  launched msedge.exe (pid 43624) for a sweep
2026-09-21 18:05:28  sweep saved: 59 trades logged (34 open, 25 closed)
2026-09-21 18:06:10  git push failed: fatal: User cancelled dialog. fatal: could not read Username for 'https://github.com': No such file or directory
2026-09-21 18:15:54  launched msedge.exe (pid 9036) for a sweep
2026-09-21 18:16:19  sweep saved: 59 trades logged (34 open, 25 closed)
2026-09-21 18:16:20  git push failed: fatal: Cannot prompt because user interactivity has been disabled. fatal: could not read Username for 'https://github.com': terminal prompts disabled
2026-09-21 18:18:32  launched msedge.exe (pid 45048) for a sweep
2026-09-21 18:18:53  sweep saved: 59 trades logged (34 open, 25 closed)
2026-09-21 18:18:54  git push failed: fatal: Cannot prompt because user interactivity has been disabled. fatal: could not read Username for 'https://github.com': terminal prompts disabled
